2026-08-13 19:15:28,060 - __main__ - INFO - Starting CNBC Indonesia scraper for date: 2026/08/12
2026-08-13 19:15:28,060 - __main__ - INFO - Fetching categories from CNBC Indonesia
2026-08-13 19:15:28,263 - __main__ - WARNING - Could not find category select element, returning defaults
2026-08-13 19:15:28,263 - __main__ - INFO - Processing category 1/1: MARKET
2026-08-13 19:15:28,264 - __main__ - INFO - Starting to fetch articles for category: MARKET (slug: market)
2026-08-13 19:15:28,542 - __main__ - INFO - Fetched 10 articles from market page 1
2026-08-13 19:15:29,245 - __main__ - ERROR - Error fetching page 2 for category MARKET: 404 Client Error: Not Found for url: https://www.cnbcindonesia.com/market/indeks/5?date=2026/08/12&page=2
2026-08-13 19:15:29,245 - __main__ - INFO - Completed fetching 10 articles for MARKET in 0.98s
2026-08-13 19:15:29,245 - __main__ - INFO - Found 10 articles in category 'MARKET'
2026-08-13 19:15:29,245 - __main__ - INFO - Scraping article 1/1 in MARKET: https://www.cnbcindonesia.com/market/20260812224957-17-758741/membedah-fakta-pertumbuhan-ekonomi-ri-di-kuartal-ii-2026
2026-08-13 19:15:29,245 - __main__ - INFO - Starting to scrape article: https://www.cnbcindonesia.com/market/20260812224957-17-758741/membedah-fakta-pertumbuhan-ekonomi-ri-di-kuartal-ii-2026
2026-08-13 19:15:29,530 - __main__ - INFO - Successfully scraped article in 0.28s: Membedah Fakta Pertumbuhan Ekonomi RI di Kuartal I...
2026-08-13 19:15:29,530 - __main__ - INFO - Completed category 'MARKET' - scraped 1 articles in 1.27s
2026-08-13 19:15:29,530 - __main__ - INFO - Preparing to export 1 total articles
2026-08-13 19:15:29,531 - __main__ - INFO - Exported 1 articles to data/news/cnbc/latest.json
2026-08-13 19:15:29,531 - __main__ - INFO - Saved historical snapshot to data/news/cnbc/history/2026-08-12.json
2026-08-13 19:15:29,531 - __main__ - INFO - CNBC Indonesia scraper completed in 1.47s
2026-08-13 19:17:32,253 - __main__ - INFO - Starting CNBC Indonesia scraper for date: 2026/08/12
2026-08-13 19:17:32,253 - __main__ - INFO - Fetching categories from CNBC Indonesia
2026-08-13 19:17:32,499 - __main__ - INFO - Successfully fetched 10 categories in 0.25s
2026-08-13 19:17:32,499 - __main__ - INFO - Processing category 1/1: MARKET
2026-08-13 19:17:32,500 - __main__ - INFO - Starting to fetch articles for category: MARKET (slug: market)
2026-08-13 19:17:32,767 - __main__ - INFO - Fetched 10 articles from market page 1
2026-08-13 19:17:33,443 - __main__ - ERROR - Error fetching page 2 for category MARKET: 404 Client Error: Not Found for url: https://www.cnbcindonesia.com/market/indeks/5?date=2026/08/12&page=2
2026-08-13 19:17:33,443 - __main__ - INFO - Completed fetching 10 articles for MARKET in 0.94s
2026-08-13 19:17:33,443 - __main__ - INFO - Found 10 articles in category 'MARKET'
2026-08-13 19:17:33,443 - __main__ - INFO - Scraping article 1/1 in MARKET: https://www.cnbcindonesia.com/market/20260812224957-17-758741/membedah-fakta-pertumbuhan-ekonomi-ri-di-kuartal-ii-2026
2026-08-13 19:17:33,444 - __main__ - INFO - Starting to scrape article: https://www.cnbcindonesia.com/market/20260812224957-17-758741/membedah-fakta-pertumbuhan-ekonomi-ri-di-kuartal-ii-2026
2026-08-13 19:17:33,621 - __main__ - INFO - Successfully scraped article in 0.18s: Membedah Fakta Pertumbuhan Ekonomi RI di Kuartal I...
2026-08-13 19:17:33,622 - __main__ - INFO - Completed category 'MARKET' - scraped 1 articles in 1.12s
2026-08-13 19:17:33,622 - __main__ - INFO - Preparing to export 1 total articles
2026-08-13 19:17:33,622 - __main__ - INFO - Exported 1 articles to data/news/cnbc/latest.json
2026-08-13 19:17:33,623 - __main__ - INFO - Saved historical snapshot to data/news/cnbc/history/2026-08-12.json
2026-08-13 19:17:33,623 - __main__ - INFO - CNBC Indonesia scraper completed in 1.37s
2026-08-13 19:18:04,586 - __main__ - INFO - Starting CNBC Indonesia scraper for date: 2026/08/12
2026-08-13 19:18:04,586 - __main__ - INFO - Fetching categories from CNBC Indonesia
2026-08-13 19:18:04,749 - __main__ - WARNING - Could not find category select element, returning defaults
2026-08-13 19:18:04,750 - __main__ - INFO - Processing category 1/1: MARKET
2026-08-13 19:18:04,750 - __main__ - INFO - Starting to fetch articles for category: MARKET (slug: market)
2026-08-13 19:18:04,999 - __main__ - INFO - Fetched 10 articles from market page 1
2026-08-13 19:18:05,903 - __main__ - ERROR - Error fetching page 2 for category MARKET: 404 Client Error: Not Found for url: https://www.cnbcindonesia.com/market/indeks/5?date=2026/08/12&page=2
2026-08-13 19:18:05,903 - __main__ - INFO - Completed fetching 10 articles for MARKET in 1.15s
2026-08-13 19:18:05,903 - __main__ - INFO - Found 10 articles in category 'MARKET'
2026-08-13 19:18:05,903 - __main__ - INFO - Scraping article 1/1 in MARKET: https://www.cnbcindonesia.com/market/20260812224957-17-758741/membedah-fakta-pertumbuhan-ekonomi-ri-di-kuartal-ii-2026
2026-08-13 19:18:05,904 - __main__ - INFO - Starting to scrape article: https://www.cnbcindonesia.com/market/20260812224957-17-758741/membedah-fakta-pertumbuhan-ekonomi-ri-di-kuartal-ii-2026
2026-08-13 19:18:06,097 - __main__ - INFO - Successfully scraped article in 0.19s: Membedah Fakta Pertumbuhan Ekonomi RI di Kuartal I...
2026-08-13 19:18:06,098 - __main__ - INFO - Completed category 'MARKET' - scraped 1 articles in 1.35s
2026-08-13 19:18:06,098 - __main__ - INFO - Preparing to export 1 total articles
2026-08-13 19:18:06,099 - __main__ - INFO - Exported 1 articles to data/news/cnbc/latest.json
2026-08-13 19:18:06,099 - __main__ - INFO - Saved historical snapshot to data/news/cnbc/history/2026-08-12.json
2026-08-13 19:18:06,099 - __main__ - INFO - CNBC Indonesia scraper completed in 1.51s
2026-08-13 19:19:45,564 - __main__ - INFO - Starting CNBC Indonesia scraper for date: 2026/08/12
2026-08-13 19:19:45,564 - __main__ - INFO - Fetching categories from CNBC Indonesia
2026-08-13 19:19:45,731 - __main__ - WARNING - Could not find category select element, returning defaults
2026-08-13 19:19:45,732 - __main__ - INFO - Processing category 1/1: MARKET
2026-08-13 19:19:45,732 - __main__ - INFO - Starting to fetch articles for category: MARKET (slug: market)
2026-08-13 19:19:45,957 - __main__ - INFO - Fetched 10 articles from market page 1
2026-08-13 19:19:46,649 - __main__ - ERROR - Error fetching page 2 for category MARKET: 404 Client Error: Not Found for url: https://www.cnbcindonesia.com/market/indeks/5?date=2026/08/12&page=2
2026-08-13 19:19:46,649 - __main__ - INFO - Completed fetching 10 articles for MARKET in 0.92s
2026-08-13 19:19:46,650 - __main__ - INFO - Found 10 articles in category 'MARKET'
2026-08-13 19:19:46,650 - __main__ - INFO - Scraping article 1/2 in MARKET: https://www.cnbcindonesia.com/market/20260812224957-17-758741/membedah-fakta-pertumbuhan-ekonomi-ri-di-kuartal-ii-2026
2026-08-13 19:19:46,650 - __main__ - INFO - Scraping article 2/2 in MARKET: https://www.cnbcindonesia.com/market/20260812221315-17-758736/mengungkap-masa-depan-cerah-bank-digital-di-indonesia
2026-08-13 19:19:46,651 - __main__ - INFO - Starting to scrape article: https://www.cnbcindonesia.com/market/20260812224957-17-758741/membedah-fakta-pertumbuhan-ekonomi-ri-di-kuartal-ii-2026
2026-08-13 19:19:46,651 - __main__ - INFO - Starting to scrape article: https://www.cnbcindonesia.com/market/20260812221315-17-758736/mengungkap-masa-depan-cerah-bank-digital-di-indonesia
2026-08-13 19:19:46,853 - __main__ - INFO - Successfully scraped article in 0.20s: Membedah Fakta Pertumbuhan Ekonomi RI di Kuartal I...
2026-08-13 19:19:46,899 - __main__ - INFO - Successfully scraped article in 0.25s: Mengungkap Masa Depan Cerah Bank Digital di Indone...
2026-08-13 19:19:46,899 - __main__ - INFO - Completed category 'MARKET' - scraped 2 articles in 1.17s
2026-08-13 19:19:46,899 - __main__ - INFO - Preparing to export 2 total articles
2026-08-13 19:19:46,900 - __main__ - INFO - Exported 2 articles to data/news/cnbc/latest.json
2026-08-13 19:19:46,900 - __main__ - INFO - Saved historical snapshot to data/news/cnbc/history/2026-08-12.json
2026-08-13 19:19:46,900 - __main__ - INFO - CNBC Indonesia scraper completed in 1.34s
2026-08-13 19:25:47,879 - __main__ - INFO - Starting CNBC Indonesia scraper for date: 2026/08/12
2026-08-13 19:25:47,879 - __main__ - INFO - Fetching categories from CNBC Indonesia
2026-08-13 19:25:48,094 - __main__ - WARNING - Could not find category select element, returning defaults
2026-08-13 19:25:48,095 - __main__ - INFO - Processing category 1/1: MARKET
2026-08-13 19:25:48,095 - __main__ - INFO - Starting to fetch articles for category: MARKET (slug: market)
2026-08-13 19:25:48,379 - __main__ - INFO - Fetched 10 articles from market page 1
2026-08-13 19:25:49,059 - __main__ - ERROR - Error fetching page 2 for category MARKET: 404 Client Error: Not Found for url: https://www.cnbcindonesia.com/market/indeks/5?date=2026/08/12&page=2
2026-08-13 19:25:49,059 - __main__ - INFO - Completed fetching 10 articles for MARKET in 0.96s
2026-08-13 19:25:49,059 - __main__ - INFO - Found 10 articles in category 'MARKET'
2026-08-13 19:25:49,059 - __main__ - INFO - Scraping article 1/1 in MARKET: https://www.cnbcindonesia.com/market/20260812224957-17-758741/membedah-fakta-pertumbuhan-ekonomi-ri-di-kuartal-ii-2026
2026-08-13 19:25:49,059 - __main__ - INFO - Starting to scrape article: https://www.cnbcindonesia.com/market/20260812224957-17-758741/membedah-fakta-pertumbuhan-ekonomi-ri-di-kuartal-ii-2026
2026-08-13 19:25:49,284 - __main__ - INFO - Successfully scraped article in 0.22s: Membedah Fakta Pertumbuhan Ekonomi RI di Kuartal I...
2026-08-13 19:25:49,284 - __main__ - INFO - Completed category 'MARKET' - scraped 1 articles in 1.19s
2026-08-13 19:25:49,284 - __main__ - INFO - Preparing to export 1 total articles
2026-08-13 19:25:49,285 - __main__ - INFO - Exported 1 articles to data/news/cnbc/latest.json
2026-08-13 19:25:49,285 - __main__ - INFO - Saved historical snapshot to data/news/cnbc/history/2026-08-12.json
2026-08-13 19:25:49,286 - __main__ - INFO - CNBC Indonesia scraper completed in 1.41s
2026-08-13 19:33:01,757 - __main__ - INFO - Starting CNBC Indonesia scraper for date: 2026/08/12
2026-08-13 19:33:01,757 - __main__ - INFO - Fetching categories from CNBC Indonesia
2026-08-13 19:33:01,978 - __main__ - WARNING - Could not find category select element, returning defaults
2026-08-13 19:33:01,979 - __main__ - INFO - Processing category 1/1: MARKET
2026-08-13 19:33:01,979 - __main__ - INFO - Starting to fetch articles for category: MARKET (slug: market)
2026-08-13 19:33:02,205 - __main__ - INFO - Fetched 10 articles from market page 1
2026-08-13 19:33:02,889 - __main__ - ERROR - Error fetching page 2 for category MARKET: 404 Client Error: Not Found for url: https://www.cnbcindonesia.com/market/indeks/5?date=2026/08/12&page=2
2026-08-13 19:33:02,889 - __main__ - INFO - Completed fetching 10 articles for MARKET in 0.91s
2026-08-13 19:33:02,890 - __main__ - INFO - Found 10 articles in category 'MARKET'
2026-08-13 19:33:02,890 - __main__ - INFO - Scraping article 1/1 in MARKET: https://www.cnbcindonesia.com/market/20260812224957-17-758741/membedah-fakta-pertumbuhan-ekonomi-ri-di-kuartal-ii-2026
2026-08-13 19:33:02,890 - __main__ - INFO - Starting to scrape article: https://www.cnbcindonesia.com/market/20260812224957-17-758741/membedah-fakta-pertumbuhan-ekonomi-ri-di-kuartal-ii-2026
2026-08-13 19:33:03,132 - __main__ - INFO - Successfully scraped article in 0.24s: Membedah Fakta Pertumbuhan Ekonomi RI di Kuartal I...
2026-08-13 19:33:03,134 - __main__ - INFO - Completed category 'MARKET' - scraped 1 articles in 1.15s
2026-08-13 19:33:03,134 - __main__ - INFO - Preparing to export 1 total articles
2026-08-13 19:33:03,135 - __main__ - INFO - Exported 1 articles to data/news/cnbc/latest.json
2026-08-13 19:33:03,135 - __main__ - INFO - Saved historical snapshot to data/news/cnbc/history/2026-08-12.json
2026-08-13 19:33:03,135 - __main__ - INFO - CNBC Indonesia scraper completed in 1.38s
